// Jest Snapshot v1, https://goo.gl/fbAQLP

exports[`Componente: Filtro deve renderizar corretamente 1`] = `
<div
  class="Filtro"
  data-testid="Filtro"
>
  <div
    class="LimparFiltros"
  >
    Limpar Filtros
  </div>
  <div
    style="overflow-y: scroll; height: 70vh; width: 120%;"
  >
    <div
      data-testid="FiltroBody"
    >
      <div
        class="ConteinerFiltro"
      >
        <div
          class="tituloFiltro"
        >
          <p>
            Filtrar por nome do Profissional Respons√°vel
          </p>
          <button
            class="ShowFiltros"
          >
            +
          </button>
        </div>
      </div>
    </div>
    <div
      data-testid="FiltroBody"
    >
      <div
        class="ConteinerFiltro"
      >
        <div
          class="tituloFiltro"
        >
          <p>
            Filtrar por status
          </p>
          <button
            class="ShowFiltros"
          >
            +
          </button>
        </div>
      </div>
    </div>
  </div>
  <div
    class="AplicarFiltros"
  >
    <button
      class="ButtonColorContainer ColorIP"
    >
      FILTRAR LISTA NOMINAL
    </button>
  </div>
  <div
    class="AplicarfiltrosCase"
  />
</div>
`;
